Traceback (most recent call last):
  File "/opt/hostedtoolcache/Python/3.13.9/x64/lib/python3.13/site-packages/jupyter_cache/executors/utils.py", line 58, in single_nb_execution
    executenb(
    ~~~~~~~~~^
        nb,
        ^^^
    ...<4 lines>...
        **kwargs,
        ^^^^^^^^^
    )
    ^
  File "/opt/hostedtoolcache/Python/3.13.9/x64/lib/python3.13/site-packages/nbclient/client.py", line 1319, in execute
    return NotebookClient(nb=nb, resources=resources, km=km, **kwargs).execute()
           ~~~~~~~~~~~~~~~~~~~~~~~~~~~~~~~~~~~~~~~~~~~~~~~~~~~~~~~~~~~~~~~~~~~^^
  File "/opt/hostedtoolcache/Python/3.13.9/x64/lib/python3.13/site-packages/jupyter_core/utils/__init__.py", line 165, in wrapped
    return loop.run_until_complete(inner)
           ~~~~~~~~~~~~~~~~~~~~~~~^^^^^^^
  File "/opt/hostedtoolcache/Python/3.13.9/x64/lib/python3.13/asyncio/base_events.py", line 725, in run_until_complete
    return future.result()
           ~~~~~~~~~~~~~^^
  File "/opt/hostedtoolcache/Python/3.13.9/x64/lib/python3.13/site-packages/nbclient/client.py", line 709, in async_execute
    await self.async_execute_cell(
        cell, index, execution_count=self.code_cells_executed + 1
    )
  File "/opt/hostedtoolcache/Python/3.13.9/x64/lib/python3.13/site-packages/nbclient/client.py", line 1062, in async_execute_cell
    await self._check_raise_for_error(cell, cell_index, exec_reply)
  File "/opt/hostedtoolcache/Python/3.13.9/x64/lib/python3.13/site-packages/nbclient/client.py", line 918, in _check_raise_for_error
    raise CellExecutionError.from_cell_and_msg(cell, exec_reply_content)
nbclient.exceptions.CellExecutionError: An error occurred while executing the following cell:
------------------
msh = mikeio.Mesh("data/FakeLake.dfsu")
msh.plot();
------------------


[31m---------------------------------------------------------------------------[39m
[31mUnicodeDecodeError[39m                        Traceback (most recent call last)
[36mCell[39m[36m [39m[32mIn[23][39m[32m, line 1[39m
[32m----> [39m[32m1[39m msh = [43mmikeio[49m[43m.[49m[43mMesh[49m[43m([49m[33;43m"[39;49m[33;43mdata/FakeLake.dfsu[39;49m[33;43m"[39;49m[43m)[49m
[32m      2[39m msh.plot();

[36mFile [39m[32m/opt/hostedtoolcache/Python/3.13.9/x64/lib/python3.13/site-packages/mikeio/dfsu/_mesh.py:45[39m, in [36mMesh.__init__[39m[34m(self, filename)[39m
[32m     44[39m [38;5;28;01mdef[39;00m[38;5;250m [39m[34m__init__[39m([38;5;28mself[39m, filename: [38;5;28mstr[39m | Path) -> [38;5;28;01mNone[39;00m:
[32m---> [39m[32m45[39m     [38;5;28mself[39m.geometry: GeometryFM2D = [38;5;28;43mself[39;49m[43m.[49m[43m_read_header[49m[43m([49m[43mfilename[49m[43m)[49m
[32m     46[39m     [38;5;28mself[39m.plot = [38;5;28mself[39m.geometry.plot

[36mFile [39m[32m/opt/hostedtoolcache/Python/3.13.9/x64/lib/python3.13/site-packages/mikeio/dfsu/_mesh.py:49[39m, in [36mMesh._read_header[39m[34m(self, filename)[39m
[32m     48[39m [38;5;28;01mdef[39;00m[38;5;250m [39m[34m_read_header[39m([38;5;28mself[39m, filename: [38;5;28mstr[39m | Path) -> GeometryFM2D:
[32m---> [39m[32m49[39m     msh = [43mMeshFile[49m[43m.[49m[43mReadMesh[49m[43m([49m[43mfilename[49m[43m)[49m
[32m     51[39m     node_table = get_nodes_from_source(msh)
[32m     52[39m     el_table = get_elements_from_source(msh)

[36mFile [39m[32m/opt/hostedtoolcache/Python/3.13.9/x64/lib/python3.13/site-packages/mikecore/MeshFile.py:408[39m, in [36mMeshFile.ReadMesh[39m[34m(filename)[39m
[32m    406[39m     [38;5;28;01mraise[39;00m [38;5;167;01mFileNotFoundError[39;00m([33m"[39m[33mFile [39m[38;5;132;01m{0}[39;00m[33m not found[39m[33m"[39m.format(filename))
[32m    407[39m file = MeshFile()
[32m--> [39m[32m408[39m [43mfile[49m[43m.[49m[43mRead[49m[43m([49m[43mfilename[49m[43m)[49m
[32m    409[39m [38;5;28;01mreturn[39;00m file

[36mFile [39m[32m/opt/hostedtoolcache/Python/3.13.9/x64/lib/python3.13/site-packages/mikecore/MeshFile.py:209[39m, in [36mMeshFile.Read[39m[34m(self, filename)[39m
[32m    200[39m [38;5;250m[39m[33;03m"""Read .mesh file and load all data.[39;00m
[32m    201[39m 
[32m    202[39m [33;03mIf an element specifies a node number of zero, that node number is ignored, and[39;00m
[32m   (...)[39m[32m    205[39m [33;03mand triangular elements specifies the last node as zero.[39;00m
[32m    206[39m [33;03m"""[39;00m
[32m    207[39m [38;5;28;01mwith[39;00m [38;5;28mopen[39m(filename ,[33m'[39m[33mr[39m[33m'[39m) [38;5;28;01mas[39;00m reader:
[32m    208[39m     [38;5;66;03m# read header line[39;00m
[32m--> [39m[32m209[39m     line = [43mreader[49m[43m.[49m[43mreadline[49m[43m([49m[43m)[49m.lstrip()
[32m    210[39m     [38;5;28;01mif[39;00m line [38;5;129;01mis[39;00m [38;5;28;01mNone[39;00m:
[32m    211[39m         [38;5;28;01mraise[39;00m [38;5;167;01mIOError[39;00m([33m"[39m[33mCan not load mesh file. File is empty[39m[33m"[39m)

[36mFile [39m[32m<frozen codecs>:325[39m, in [36mdecode[39m[34m(self, input, final)[39m

[31mUnicodeDecodeError[39m: 'utf-8' codec can't decode byte 0xe4 in position 82: invalid continuation byte

