Traceback (most recent call last):
  File "/opt/hostedtoolcache/Python/3.13.9/x64/lib/python3.13/site-packages/jupyter_cache/executors/utils.py", line 58, in single_nb_execution
    executenb(
    ~~~~~~~~~^
        nb,
        ^^^
    ...<4 lines>...
        **kwargs,
        ^^^^^^^^^
    )
    ^
  File "/opt/hostedtoolcache/Python/3.13.9/x64/lib/python3.13/site-packages/nbclient/client.py", line 1319, in execute
    return NotebookClient(nb=nb, resources=resources, km=km, **kwargs).execute()
           ~~~~~~~~~~~~~~~~~~~~~~~~~~~~~~~~~~~~~~~~~~~~~~~~~~~~~~~~~~~~~~~~~~~^^
  File "/opt/hostedtoolcache/Python/3.13.9/x64/lib/python3.13/site-packages/jupyter_core/utils/__init__.py", line 165, in wrapped
    return loop.run_until_complete(inner)
           ~~~~~~~~~~~~~~~~~~~~~~~^^^^^^^
  File "/opt/hostedtoolcache/Python/3.13.9/x64/lib/python3.13/asyncio/base_events.py", line 725, in run_until_complete
    return future.result()
           ~~~~~~~~~~~~~^^
  File "/opt/hostedtoolcache/Python/3.13.9/x64/lib/python3.13/site-packages/nbclient/client.py", line 709, in async_execute
    await self.async_execute_cell(
        cell, index, execution_count=self.code_cells_executed + 1
    )
  File "/opt/hostedtoolcache/Python/3.13.9/x64/lib/python3.13/site-packages/nbclient/client.py", line 1062, in async_execute_cell
    await self._check_raise_for_error(cell, cell_index, exec_reply)
  File "/opt/hostedtoolcache/Python/3.13.9/x64/lib/python3.13/site-packages/nbclient/client.py", line 918, in _check_raise_for_error
    raise CellExecutionError.from_cell_and_msg(cell, exec_reply_content)
nbclient.exceptions.CellExecutionError: An error occurred while executing the following cell:
------------------
fn_mod = '../data/SW/ts_storm_4.dfs0'
fn_obs = '../data/SW/eur_Hm0.dfs0'

c = ms.match(fn_obs, fn_mod)
------------------

----- stderr -----
/opt/hostedtoolcache/Python/3.13.9/x64/lib/python3.13/site-packages/modelskill/obs.py:79: UserWarning: Could not guess geometry type from data or args, assuming POINT geometry. Use PointObservation or TrackObservation to be explicit.
  warnings.warn(
------------------

[31m---------------------------------------------------------------------------[39m
[31mValueError[39m                                Traceback (most recent call last)
[36mFile [39m[32m/opt/hostedtoolcache/Python/3.13.9/x64/lib/python3.13/site-packages/modelskill/matching.py:466[39m, in [36m_parse_single_model[39m[34m(mod, item, gtype)[39m
[32m    465[39m [38;5;28;01mtry[39;00m:
[32m--> [39m[32m466[39m     [38;5;28;01mreturn[39;00m [43mmodel_result[49m[43m([49m[43mmod[49m[43m,[49m[43m [49m[43mitem[49m[43m=[49m[43mitem[49m[43m,[49m[43m [49m[43mgtype[49m[43m=[49m[43mgtype[49m[43m)[49m
[32m    467[39m [38;5;28;01mexcept[39;00m [38;5;167;01mValueError[39;00m [38;5;28;01mas[39;00m e:

[36mFile [39m[32m/opt/hostedtoolcache/Python/3.13.9/x64/lib/python3.13/site-packages/modelskill/model/factory.py:57[39m, in [36mmodel_result[39m[34m(data, aux_items, gtype, **kwargs)[39m
[32m     55[39m     geometry = GeometryType(gtype)
[32m---> [39m[32m57[39m [38;5;28;01mreturn[39;00m [43m_modelresult_lookup[49m[43m[[49m[43mgeometry[49m[43m][49m[43m([49m
[32m     58[39m [43m    [49m[43mdata[49m[43m=[49m[43mdata[49m[43m,[49m
[32m     59[39m [43m    [49m[43maux_items[49m[43m=[49m[43maux_items[49m[43m,[49m
[32m     60[39m [43m    [49m[43m*[49m[43m*[49m[43mkwargs[49m[43m,[49m
[32m     61[39m [43m[49m[43m)[49m

[36mFile [39m[32m/opt/hostedtoolcache/Python/3.13.9/x64/lib/python3.13/site-packages/modelskill/model/point.py:56[39m, in [36mPointModelResult.__init__[39m[34m(self, data, name, x, y, z, item, quantity, aux_items)[39m
[32m     55[39m [38;5;28;01mif[39;00m [38;5;129;01mnot[39;00m [38;5;28mself[39m._is_input_validated(data):
[32m---> [39m[32m56[39m     data = [43m_parse_point_input[49m[43m([49m
[32m     57[39m [43m        [49m[43mdata[49m[43m,[49m
[32m     58[39m [43m        [49m[43mname[49m[43m=[49m[43mname[49m[43m,[49m
[32m     59[39m [43m        [49m[43mitem[49m[43m=[49m[43mitem[49m[43m,[49m
[32m     60[39m [43m        [49m[43mquantity[49m[43m=[49m[43mquantity[49m[43m,[49m
[32m     61[39m [43m        [49m[43maux_items[49m[43m=[49m[43maux_items[49m[43m,[49m
[32m     62[39m [43m        [49m[43mx[49m[43m=[49m[43mx[49m[43m,[49m
[32m     63[39m [43m        [49m[43my[49m[43m=[49m[43my[49m[43m,[49m
[32m     64[39m [43m        [49m[43mz[49m[43m=[49m[43mz[49m[43m,[49m
[32m     65[39m [43m    [49m[43m)[49m
[32m     67[39m [38;5;28;01massert[39;00m [38;5;28misinstance[39m(data, xr.Dataset)

[36mFile [39m[32m/opt/hostedtoolcache/Python/3.13.9/x64/lib/python3.13/site-packages/modelskill/timeseries/_point.py:105[39m, in [36m_parse_point_input[39m[34m(data, name, item, quantity, x, y, z, aux_items)[39m
[32m    104[39m     valid_items = [38;5;28mlist[39m(data.data_vars)
[32m--> [39m[32m105[39m sel_items = [43m_parse_point_items[49m[43m([49m[43mvalid_items[49m[43m,[49m[43m [49m[43mitem[49m[43m=[49m[43mitem[49m[43m,[49m[43m [49m[43maux_items[49m[43m=[49m[43maux_items[49m[43m)[49m
[32m    106[39m item_name = sel_items.values

[36mFile [39m[32m/opt/hostedtoolcache/Python/3.13.9/x64/lib/python3.13/site-packages/modelskill/timeseries/_point.py:37[39m, in [36m_parse_point_items[39m[34m(items, item, aux_items)[39m
[32m     36[39m     [38;5;28;01melif[39;00m [38;5;28mlen[39m(items) > [32m1[39m:
[32m---> [39m[32m37[39m         [38;5;28;01mraise[39;00m [38;5;167;01mValueError[39;00m(
[32m     38[39m             [33mf[39m[33m"[39m[33mInput has more than 1 item, but item was not given! Available items: [39m[38;5;132;01m{[39;00mitems[38;5;132;01m}[39;00m[33m"[39m
[32m     39[39m         )
[32m     41[39m item = _get_name(item, valid_names=items)

[31mValueError[39m: Input has more than 1 item, but item was not given! Available items: ['Europlatform: Sign. Wave Height', 'K14: Sign. Wave Height', 'F16: Sign. Wave Height', 'F3: Sign. Wave Height', 'Europlatform: Sign. Wave Height, W', 'K14: Sign. Wave Height, W', 'F16: Sign. Wave Height, W', 'F3: Sign. Wave Height, W', 'Europlatform: Sign. Wave Height, S', 'K14: Sign. Wave Height, S', 'F16: Sign. Wave Height, S', 'F3: Sign. Wave Height, S', 'Europlatform: Wind speed', 'K14: Wind speed', 'F16: Wind speed', 'F3: Wind speed', 'Europlatform: Wind direction', 'K14: Wind direction', 'F16: Wind direction', 'F3: Wind direction']

During handling of the above exception, another exception occurred:

[31mValueError[39m                                Traceback (most recent call last)
[36mCell[39m[36m [39m[32mIn[2][39m[32m, line 4[39m
[32m      1[39m fn_mod = [33m'[39m[33m../data/SW/ts_storm_4.dfs0[39m[33m'[39m
[32m      2[39m fn_obs = [33m'[39m[33m../data/SW/eur_Hm0.dfs0[39m[33m'[39m
[32m----> [39m[32m4[39m c = [43mms[49m[43m.[49m[43mmatch[49m[43m([49m[43mfn_obs[49m[43m,[49m[43m [49m[43mfn_mod[49m[43m)[49m

[36mFile [39m[32m/opt/hostedtoolcache/Python/3.13.9/x64/lib/python3.13/site-packages/modelskill/matching.py:256[39m, in [36mmatch[39m[34m(obs, mod, obs_item, mod_item, gtype, max_model_gap, spatial_method, spatial_tolerance, obs_no_overlap)[39m
[32m    204[39m [38;5;250m[39m[33;03m"""Match observation and model result data in space and time[39;00m
[32m    205[39m 
[32m    206[39m [33;03mNOTE: In case of multiple model results with different time coverage,[39;00m
[32m   (...)[39m[32m    253[39m [33;03mfrom_matched - Create a Comparer from observation and model results that are already matched[39;00m
[32m    254[39m [33;03m"""[39;00m
[32m    255[39m [38;5;28;01mif[39;00m [38;5;28misinstance[39m(obs, get_args(ObsInputType)):
[32m--> [39m[32m256[39m     [38;5;28;01mreturn[39;00m [43m_match_single_obs[49m[43m([49m
[32m    257[39m [43m        [49m[43mobs[49m[43m,[49m
[32m    258[39m [43m        [49m[43mmod[49m[43m,[49m
[32m    259[39m [43m        [49m[43mobs_item[49m[43m=[49m[43mobs_item[49m[43m,[49m
[32m    260[39m [43m        [49m[43mmod_item[49m[43m=[49m[43mmod_item[49m[43m,[49m
[32m    261[39m [43m        [49m[43mgtype[49m[43m=[49m[43mgtype[49m[43m,[49m
[32m    262[39m [43m        [49m[43mmax_model_gap[49m[43m=[49m[43mmax_model_gap[49m[43m,[49m
[32m    263[39m [43m        [49m[43mspatial_method[49m[43m=[49m[43mspatial_method[49m[43m,[49m
[32m    264[39m [43m        [49m[43mspatial_tolerance[49m[43m=[49m[43mspatial_tolerance[49m[43m,[49m
[32m    265[39m [43m        [49m[43mobs_no_overlap[49m[43m=[49m[43mobs_no_overlap[49m[43m,[49m
[32m    266[39m [43m    [49m[43m)[49m
[32m    268[39m [38;5;28;01mif[39;00m [38;5;28misinstance[39m(obs, Collection):
[32m    269[39m     [38;5;28;01massert[39;00m [38;5;28mall[39m([38;5;28misinstance[39m(o, get_args(ObsInputType)) [38;5;28;01mfor[39;00m o [38;5;129;01min[39;00m obs)

[36mFile [39m[32m/opt/hostedtoolcache/Python/3.13.9/x64/lib/python3.13/site-packages/modelskill/matching.py:332[39m, in [36m_match_single_obs[39m[34m(obs, mod, obs_item, mod_item, gtype, max_model_gap, spatial_method, spatial_tolerance, obs_no_overlap)[39m
[32m    329[39m [38;5;28;01melse[39;00m:
[32m    330[39m     models = mod  [38;5;66;03m# type: ignore[39;00m
[32m--> [39m[32m332[39m model_results = [[43m_parse_single_model[49m[43m([49m[43mm[49m[43m,[49m[43m [49m[43mitem[49m[43m=[49m[43mmod_item[49m[43m,[49m[43m [49m[43mgtype[49m[43m=[49m[43mgtype[49m[43m)[49m [38;5;28;01mfor[39;00m m [38;5;129;01min[39;00m models]
[32m    333[39m names = [m.name [38;5;28;01mfor[39;00m m [38;5;129;01min[39;00m model_results]
[32m    334[39m [38;5;28;01mif[39;00m [38;5;28mlen[39m(names) != [38;5;28mlen[39m([38;5;28mset[39m(names)):

[36mFile [39m[32m/opt/hostedtoolcache/Python/3.13.9/x64/lib/python3.13/site-packages/modelskill/matching.py:468[39m, in [36m_parse_single_model[39m[34m(mod, item, gtype)[39m
[32m    466[39m         [38;5;28;01mreturn[39;00m model_result(mod, item=item, gtype=gtype)
[32m    467[39m     [38;5;28;01mexcept[39;00m [38;5;167;01mValueError[39;00m [38;5;28;01mas[39;00m e:
[32m--> [39m[32m468[39m         [38;5;28;01mraise[39;00m [38;5;167;01mValueError[39;00m(
[32m    469[39m             [33mf[39m[33m"[39m[33mCould not compare. Unknown model result type [39m[38;5;132;01m{[39;00m[38;5;28mtype[39m(mod)[38;5;132;01m}[39;00m[33m. [39m[38;5;132;01m{[39;00m[38;5;28mstr[39m(e)[38;5;132;01m}[39;00m[33m"[39m
[32m    470[39m         )
[32m    471[39m [38;5;28;01melse[39;00m:
[32m    472[39m     [38;5;28;01mif[39;00m item [38;5;129;01mis[39;00m [38;5;129;01mnot[39;00m [38;5;28;01mNone[39;00m:

[31mValueError[39m: Could not compare. Unknown model result type <class 'str'>. Input has more than 1 item, but item was not given! Available items: ['Europlatform: Sign. Wave Height', 'K14: Sign. Wave Height', 'F16: Sign. Wave Height', 'F3: Sign. Wave Height', 'Europlatform: Sign. Wave Height, W', 'K14: Sign. Wave Height, W', 'F16: Sign. Wave Height, W', 'F3: Sign. Wave Height, W', 'Europlatform: Sign. Wave Height, S', 'K14: Sign. Wave Height, S', 'F16: Sign. Wave Height, S', 'F3: Sign. Wave Height, S', 'Europlatform: Wind speed', 'K14: Wind speed', 'F16: Wind speed', 'F3: Wind speed', 'Europlatform: Wind direction', 'K14: Wind direction', 'F16: Wind direction', 'F3: Wind direction']

